stdout: abcdefghijklmnopqrstuvwxyz| stderr: | returncode: 1