stdout: good correct equal| stderr: | returncode: 27