stdout: 012345
0
012345
1
012345
2
012345
3
012345
4
012345
5
| stderr: | returncode: 0